../Core/Src/main.c:77:5:main	8	static
../Core/Src/main.c:152:6:SystemClock_Config	72	static
../Core/Src/main.c:189:13:MX_TIM2_Init	32	static
../Core/Src/main.c:234:13:MX_GPIO_Init	32	static
../Core/Src/main.c:292:6:number	24	static
../Core/Src/main.c:297:6:updateClockBuffer	4	static
../Core/Src/main.c:304:6:update7SEG	16	static
../Core/Src/main.c:331:6:setCOL	16	static
../Core/Src/main.c:364:6:updateLEDMatrix	16	static
../Core/Src/main.c:403:6:HAL_TIM_PeriodElapsedCallback	16	static
../Core/Src/main.c:418:6:Error_Handler	4	static,ignoring_inline_asm
