Archive member included to satisfy reference by file (symbol)

D:/ST/STM32CubeIDE_1.19.0/STM32CubeIDE/plugins/com.st.stm32cube.ide.mcu.externaltools.gnu-tools-for-stm32.13.3.rel1.win32_1.0.0.202411081344/tools/bin/../lib/gcc/arm-none-eabi/13.3.1/../../../../arm-none-eabi/lib/thumb/v7-m/nofp\libc_nano.a(libc_a-exit.o)
                              D:/ST/STM32CubeIDE_1.19.0/STM32CubeIDE/plugins/com.st.stm32cube.ide.mcu.externaltools.gnu-tools-for-stm32.13.3.rel1.win32_1.0.0.202411081344/tools/bin/../lib/gcc/arm-none-eabi/13.3.1/../../../../arm-none-eabi/lib/thumb/v7-m/nofp/crt0.o (exit)
D:/ST/STM32CubeIDE_1.19.0/STM32CubeIDE/plugins/com.st.stm32cube.ide.mcu.externaltools.gnu-tools-for-stm32.13.3.rel1.win32_1.0.0.202411081344/tools/bin/../lib/gcc/arm-none-eabi/13.3.1/../../../../arm-none-eabi/lib/thumb/v7-m/nofp\libc_nano.a(libc_a-findfp.o)
                              D:/ST/STM32CubeIDE_1.19.0/STM32CubeIDE/plugins/com.st.stm32cube.ide.mcu.externaltools.gnu-tools-for-stm32.13.3.rel1.win32_1.0.0.202411081344/tools/bin/../lib/gcc/arm-none-eabi/13.3.1/../../../../arm-none-eabi/lib/thumb/v7-m/nofp\libc_nano.a(libc_a-exit.o) (__stdio_exit_handler)
D:/ST/STM32CubeIDE_1.19.0/STM32CubeIDE/plugins/com.st.stm32cube.ide.mcu.externaltools.gnu-tools-for-stm32.13.3.rel1.win32_1.0.0.202411081344/tools/bin/../lib/gcc/arm-none-eabi/13.3.1/../../../../arm-none-eabi/lib/thumb/v7-m/nofp\libc_nano.a(libc_a-fwalk.o)
                              D:/ST/STM32CubeIDE_1.19.0/STM32CubeIDE/plugins/com.st.stm32cube.ide.mcu.externaltools.gnu-tools-for-stm32.13.3.rel1.win32_1.0.0.202411081344/tools/bin/../lib/gcc/arm-none-eabi/13.3.1/../../../../arm-none-eabi/lib/thumb/v7-m/nofp\libc_nano.a(libc_a-findfp.o) (_fwalk_sglue)
D:/ST/STM32CubeIDE_1.19.0/STM32CubeIDE/plugins/com.st.stm32cube.ide.mcu.externaltools.gnu-tools-for-stm32.13.3.rel1.win32_1.0.0.202411081344/tools/bin/../lib/gcc/arm-none-eabi/13.3.1/../../../../arm-none-eabi/lib/thumb/v7-m/nofp\libc_nano.a(libc_a-stdio.o)
                              D:/ST/STM32CubeIDE_1.19.0/STM32CubeIDE/plugins/com.st.stm32cube.ide.mcu.externaltools.gnu-tools-for-stm32.13.3.rel1.win32_1.0.0.202411081344/tools/bin/../lib/gcc/arm-none-eabi/13.3.1/../../../../arm-none-eabi/lib/thumb/v7-m/nofp\libc_nano.a(libc_a-findfp.o) (__sread)
D:/ST/STM32CubeIDE_1.19.0/STM32CubeIDE/plugins/com.st.stm32cube.ide.mcu.externaltools.gnu-tools-for-stm32.13.3.rel1.win32_1.0.0.202411081344/tools/bin/../lib/gcc/arm-none-eabi/13.3.1/../../../../arm-none-eabi/lib/thumb/v7-m/nofp\libc_nano.a(libc_a-memset.o)
                              D:/ST/STM32CubeIDE_1.19.0/STM32CubeIDE/plugins/com.st.stm32cube.ide.mcu.externaltools.gnu-tools-for-stm32.13.3.rel1.win32_1.0.0.202411081344/tools/bin/../lib/gcc/arm-none-eabi/13.3.1/../../../../arm-none-eabi/lib/thumb/v7-m/nofp/crt0.o (memset)
D:/ST/STM32CubeIDE_1.19.0/STM32CubeIDE/plugins/com.st.stm32cube.ide.mcu.externaltools.gnu-tools-for-stm32.13.3.rel1.win32_1.0.0.202411081344/tools/bin/../lib/gcc/arm-none-eabi/13.3.1/../../../../arm-none-eabi/lib/thumb/v7-m/nofp\libc_nano.a(libc_a-closer.o)
                              D:/ST/STM32CubeIDE_1.19.0/STM32CubeIDE/plugins/com.st.stm32cube.ide.mcu.externaltools.gnu-tools-for-stm32.13.3.rel1.win32_1.0.0.202411081344/tools/bin/../lib/gcc/arm-none-eabi/13.3.1/../../../../arm-none-eabi/lib/thumb/v7-m/nofp\libc_nano.a(libc_a-stdio.o) (_close_r)
D:/ST/STM32CubeIDE_1.19.0/STM32CubeIDE/plugins/com.st.stm32cube.ide.mcu.externaltools.gnu-tools-for-stm32.13.3.rel1.win32_1.0.0.202411081344/tools/bin/../lib/gcc/arm-none-eabi/13.3.1/../../../../arm-none-eabi/lib/thumb/v7-m/nofp\libc_nano.a(libc_a-reent.o)
                              D:/ST/STM32CubeIDE_1.19.0/STM32CubeIDE/plugins/com.st.stm32cube.ide.mcu.externaltools.gnu-tools-for-stm32.13.3.rel1.win32_1.0.0.202411081344/tools/bin/../lib/gcc/arm-none-eabi/13.3.1/../../../../arm-none-eabi/lib/thumb/v7-m/nofp\libc_nano.a(libc_a-closer.o) (errno)
D:/ST/STM32CubeIDE_1.19.0/STM32CubeIDE/plugins/com.st.stm32cube.ide.mcu.externaltools.gnu-tools-for-stm32.13.3.rel1.win32_1.0.0.202411081344/tools/bin/../lib/gcc/arm-none-eabi/13.3.1/../../../../arm-none-eabi/lib/thumb/v7-m/nofp\libc_nano.a(libc_a-impure.o)
                              D:/ST/STM32CubeIDE_1.19.0/STM32CubeIDE/plugins/com.st.stm32cube.ide.mcu.externaltools.gnu-tools-for-stm32.13.3.rel1.win32_1.0.0.202411081344/tools/bin/../lib/gcc/arm-none-eabi/13.3.1/../../../../arm-none-eabi/lib/thumb/v7-m/nofp\libc_nano.a(libc_a-reent.o) (_impure_ptr)
D:/ST/STM32CubeIDE_1.19.0/STM32CubeIDE/plugins/com.st.stm32cube.ide.mcu.externaltools.gnu-tools-for-stm32.13.3.rel1.win32_1.0.0.202411081344/tools/bin/../lib/gcc/arm-none-eabi/13.3.1/../../../../arm-none-eabi/lib/thumb/v7-m/nofp\libc_nano.a(libc_a-lseekr.o)
[...]
Memory Configuration

Name             Origin             Length             Attributes
RAM              0x20000000         0x00002800         xrw
FLASH            0x08000000         0x00008000         xr
*default*        0x00000000         0xffffffff

Linker script and memory map

LOAD D:/ST/STM32CubeIDE_1.19.0/STM32CubeIDE/plugins/com.st.stm32cube.ide.mcu.externaltools.gnu-tools-for-stm32.13.3.rel1.win32_1.0.0.202411081344/tools/bin/../lib/gcc/arm-none-eabi/13.3.1/thumb/v7-m/nofp/crti.o
LOAD D:/ST/STM32CubeIDE_1.19.0/STM32CubeIDE/plugins/com.st.stm32cube.ide.mcu.externaltools.gnu-tools-for-stm32.13.3.rel1.win32_1.0.0.202411081344/tools/bin/../lib/gcc/arm-none-eabi/13.3.1/thumb/v7-m/nofp/crtbegin.o
LOAD D:/ST/STM32CubeIDE_1.19.0/STM32CubeIDE/plugins/com.st.stm32cube.ide.mcu.externaltools.gnu-tools-for-stm32.13.3.rel1.win32_1.0.0.202411081344/tools/bin/../lib/gcc/arm-none-eabi/13.3.1/../../../../arm-none-eabi/lib/thumb/v7-m/nofp/crt0.o
LOAD ./Core/Src/input_processing.o
LOAD ./Core/Src/input_reading.o
LOAD ./Core/Src/led_display.o
LOAD ./Core/Src/main.o
LOAD ./Core/Src/stm32f1xx_hal_msp.o
LOAD ./Core/Src/stm32f1xx_it.o
LOAD ./Core/Src/syscalls.o
LOAD ./Core/Src/sysmem.o
LOAD ./Core/Src/system_stm32f1xx.o
LOAD ./Core/Src/timer.o
LOAD ./Core/Startup/startup_stm32f103c6tx.o
LOAD ./Drivers/STM32F1xx_HAL_Driver/Src/stm32f1xx_hal.o
LOAD ./Drivers/STM32F1xx_HAL_Driver/Src/stm32f1xx_hal_cortex.o
LOAD ./Drivers/STM32F1xx_HAL_Driver/Src/stm32f1xx_hal_dma.o
LOAD ./Drivers/STM32F1xx_HAL_Driver/Src/stm32f1xx_hal_exti.o
LOAD ./Drivers/STM32F1xx_HAL_Driver/Src/stm32f1xx_hal_flash.o
LOAD ./Drivers/STM32F1xx_HAL_Driver/Src/stm32f1xx_hal_flash_ex.o
LOAD ./Drivers/STM32F1xx_HAL_Driver/Src/stm32f1xx_hal_gpio.o
LOAD ./Drivers/STM32F1xx_HAL_Driver/Src/stm32f1xx_hal_gpio_ex.o
LOAD ./Drivers/STM32F1xx_HAL_Driver/Src/stm32f1xx_hal_pwr.o
LOAD ./Drivers/STM32F1xx_HAL_Driver/Src/stm32f1xx_hal_rcc.o
LOAD ./Drivers/STM32F1xx_HAL_Driver/Src/stm32f1xx_hal_rcc_ex.o
LOAD ./Drivers/STM32F1xx_HAL_Driver/Src/stm32f1xx_hal_tim.o
LOAD ./Drivers/STM32F1xx_HAL_Driver/Src/stm32f1xx_hal_tim_ex.o
START GROUP
LOAD D:/ST/STM32CubeIDE_1.19.0/STM32CubeIDE/plugins/com.st.stm32cube.ide.mcu.externaltools.gnu-tools-for-stm32.13.3.rel1.win32_1.0.0.202411081344/tools/bin/../lib/gcc/arm-none-eabi/13.3.1/../../../../arm-none-eabi/lib/thumb/v7-m/nofp\libc_nano.a
LOAD D:/ST/STM32CubeIDE_1.19.0/STM32CubeIDE/plugins/com.st.stm32cube.ide.mcu.externaltools.gnu-tools-for-stm32.13.3.rel1.win32_1.0.0.202411081344/tools/bin/../lib/gcc/arm-none-eabi/13.3.1/../../../../arm-none-eabi/lib/thumb/v7-m/nofp\libm.a
END GROUP
START GROUP
LOAD D:/ST/STM32CubeIDE_1.19.0/STM32CubeIDE/plugins/com.st.stm32cube.ide.mcu.externaltools.gnu-tools-for-stm32.13.3.rel1.win32_1.0.0.202411081344/tools/bin/../lib/gcc/arm-none-eabi/13.3.1/thumb/v7-m/nofp\libgcc.a
LOAD D:/ST/STM32CubeIDE_1.19.0/STM32CubeIDE/plugins/com.st.stm32cube.ide.mcu.externaltools.gnu-tools-for-stm32.13.3.rel1.win32_1.0.0.202411081344/tools/bin/../lib/gcc/arm-none-eabi/13.3.1/../../../../arm-none-eabi/lib/thumb/v7-m/nofp\libc_nano.a
END GROUP
START GROUP
LOAD D:/ST/STM32CubeIDE_1.19.0/STM32CubeIDE/plugins/com.st.stm32cube.ide.mcu.externaltools.gnu-tools-for-stm32.13.3.rel1.win32_1.0.0.202411081344/tools/bin/../lib/gcc/arm-none-eabi/13.3.1/thumb/v7-m/nofp\libgcc.a
LOAD D:/ST/STM32CubeIDE_1.19.0/STM32CubeIDE/plugins/com.st.stm32cube.ide.mcu.externaltools.gnu-tools-for-stm32.13.3.rel1.win32_1.0.0.202411081344/tools/bin/../lib/gcc/arm-none-eabi/13.3.1/../../../../arm-none-eabi/lib/thumb/v7-m/nofp\libc_nano.a
LOAD D:/ST/STM32CubeIDE_1.19.0/STM32CubeIDE/plugins/com.st.stm32cube.ide.mcu.externaltools.gnu-tools-for-stm32.13.3.rel1.win32_1.0.0.202411081344/tools/bin/../lib/gcc/arm-none-eabi/13.3.1/../../../../arm-none-eabi/lib/thumb/v7-m/nofp\libnosys.a
END GROUP
START GROUP
LOAD D:/ST/STM32CubeIDE_1.19.0/STM32CubeIDE/plugins/com.st.stm32cube.ide.mcu.externaltools.gnu-tools-for-stm32.13.3.rel1.win32_1.0.0.202411081344/tools/bin/../lib/gcc/arm-none-eabi/13.3.1/thumb/v7-m/nofp\libgcc.a
LOAD D:/ST/STM32CubeIDE_1.19.0/STM32CubeIDE/plugins/com.st.stm32cube.ide.mcu.externaltools.gnu-tools-for-stm32.13.3.rel1.win32_1.0.0.202411081344/tools/bin/../lib/gcc/arm-none-eabi/13.3.1/../../../../arm-none-eabi/lib/thumb/v7-m/nofp\libc_nano.a
LOAD D:/ST/STM32CubeIDE_1.19.0/STM32CubeIDE/plugins/com.st.stm32cube.ide.mcu.externaltools.gnu-tools-for-stm32.13.3.rel1.win32_1.0.0.202411081344/tools/bin/../lib/gcc/arm-none-eabi/13.3.1/../../../../arm-none-eabi/lib/thumb/v7-m/nofp\libnosys.a
END GROUP
LOAD D:/ST/STM32CubeIDE_1.19.0/STM32CubeIDE/plugins/com.st.stm32cube.ide.mcu.externaltools.gnu-tools-for-stm32.13.3.rel1.win32_1.0.0.202411081344/tools/bin/../lib/gcc/arm-none-eabi/13.3.1/thumb/v7-m/nofp/crtend.o
LOAD D:/ST/STM32CubeIDE_1.19.0/STM32CubeIDE/plugins/com.st.stm32cube.ide.mcu.externaltools.gnu-tools-for-stm32.13.3.rel1.win32_1.0.0.202411081344/tools/bin/../lib/gcc/arm-none-eabi/13.3.1/thumb/v7-m/nofp/crtn.o
                0x20002800                        _estack = (ORIGIN (RAM) + LENGTH (RAM))
                0x00000200                        _Min_Heap_Size = 0x200
                0x00000400                        _Min_Stack_Size = 0x400

.isr_vector     0x08000000      0x10c
                0x08000000                        . = ALIGN (0x4)
 *(.isr_vector)
 .isr_vector    0x08000000      0x10c ./Core/Startup/startup_stm32f103c6tx.o
                0x08000000                g_pfnVectors
                0x0800010c                        . = ALIGN (0x4)

.text           0x0800010c     0x26f8
                0x0800010c                        . = ALIGN (0x4)
 *(.text)
 .text          0x0800010c       0x40 D:/ST/STM32CubeIDE_1.19.0/STM32CubeIDE/plugins/com.st.stm32cube.ide.mcu.externaltools.gnu-tools-for-stm32.13.3.rel1.win32_1.0.0.202411081344/tools/bin/../lib/gcc/arm-none-eabi/13.3.1/thumb/v7-m/nofp/crtbegin.o
 *(.text*)
 .text.fsm_for_input_processing
                0x0800014c      0x2d8 ./Core/Src/input_processing.o
                0x0800014c                fsm_for_input_processing
 .text.button_init
                0x08000424       0x64 ./Core/Src/input_reading.o
                0x08000424                button_init
 .text.button_reading
                0x08000488       0xf8 ./Core/Src/input_reading.o
                0x08000488                button_reading
 .text.is_button_pressed
                0x08000580       0x34 ./Core/Src/input_reading.o
                0x08000580                is_button_pressed
 .text.is_button_pressed_1s
                0x080005b4       0x34 ./Core/Src/input_reading.o
                0x080005b4                is_button_pressed_1s
 .text.display_segment_1
                0x080005e8      0x11c ./Core/Src/led_display.o
                0x080005e8                display_segment_1
 .text.display_segment_2
                0x08000704      0x144 ./Core/Src/led_display.o
                0x08000704                display_segment_2
 .text.display_segment_3
                0x08000848      0x1b4 ./Core/Src/led_display.o
                0x08000848                display_segment_3
 .text.led_init
                0x080009fc       0x2c ./Core/Src/led_display.o
                0x080009fc                led_init
 .text.led      0x08000a28      0x210 ./Core/Src/led_display.o
                0x08000a28                led
 .text.main     0x08000c38       0x2c ./Core/Src/main.o
                0x08000c38                main
 .text.SystemClock_Config
                0x08000c64       0x76 ./Core/Src/main.o
                0x08000c64                SystemClock_Config
 *fill*         0x08000cda        0x2 
 .text.MX_TIM2_Init
                0x08000cdc       0x98 ./Core/Src/main.o
 .text.MX_GPIO_Init
                0x08000d74       0xc4 ./Core/Src/main.o
 .text.Error_Handler
                0x08000e38        0xc ./Core/Src/main.o
                0x08000e38                Error_Handler
 .text.HAL_MspInit
                0x08000e44       0x64 ./Core/Src/stm32f1xx_hal_msp.o
                0x08000e44                HAL_MspInit
 .text.HAL_TIM_Base_MspInit
                0x08000ea8       0x48 ./Core/Src/stm32f1xx_hal_msp.o
                0x08000ea8                HAL_TIM_Base_MspInit
 .text.NMI_Handler
                0x08000ef0        0x8 ./Core/Src/stm32f1xx_it.o
                0x08000ef0                NMI_Handler
 .text.HardFault_Handler
                0x08000ef8        0x8 ./Core/Src/stm32f1xx_it.o
                0x08000ef8                HardFault_Handler
 .text.MemManage_Handler
                0x08000f00        0x8 ./Core/Src/stm32f1xx_it.o
                0x08000f00                MemManage_Handler
 .text.BusFault_Handler
                0x08000f08        0x8 ./Core/Src/stm32f1xx_it.o
                0x08000f08                BusFault_Handler
 .text.UsageFault_Handler
                0x08000f10        0x8 ./Core/Src/stm32f1xx_it.o
                0x08000f10                UsageFault_Handler
 .text.SVC_Handler
                0x08000f18        0xc ./Core/Src/stm32f1xx_it.o
                0x08000f18                SVC_Handler
 .text.DebugMon_Handler
                0x08000f24        0xc ./Core/Src/stm32f1xx_it.o
                0x08000f24                DebugMon_Handler
 .text.PendSV_Handler
                0x08000f30        0xc ./Core/Src/stm32f1xx_it.o
                0x08000f30                PendSV_Handler
 .text.SysTick_Handler
                0x08000f3c        0xc ./Core/Src/stm32f1xx_it.o
                0x08000f3c                SysTick_Handler
 .text.TIM2_IRQHandler
                0x08000f48       0x14 ./Core/Src/stm32f1xx_it.o
                0x08000f48                TIM2_IRQHandler
 .text.SystemInit
                0x08000f5c        0xc ./Core/Src/system_stm32f1xx.o
                0x08000f5c                SystemInit
 .text.HAL_TIM_PeriodElapsedCallback
                0x08000f68      0x204 ./Core/Src/timer.o
                0x08000f68                HAL_TIM_PeriodElapsedCallback
 .text.Reset_Handler
                0x0800116c       0x48 ./Core/Startup/startup_stm32f103c6tx.o
                0x0800116c                Reset_Handler
 .text.Default_Handler
                0x080011b4        0x2 ./Core/Startup/startup_stm32f103c6tx.o
                0x080011b4                RTC_Alarm_IRQHandler
                0x080011b4                EXTI2_IRQHandler
                0x080011b4                TIM1_CC_IRQHandler
                0x080011b4                PVD_IRQHandler
                0x080011b4                EXTI3_IRQHandler
                0x080011b4                EXTI0_IRQHandler
                0x080011b4                ADC1_2_IRQHandler
                0x080011b4                SPI1_IRQHandler
                0x080011b4                TAMPER_IRQHandler
                0x080011b4                DMA1_Channel4_IRQHandler
                0x080011b4                RTC_IRQHandler
                0x080011b4                DMA1_Channel7_IRQHandler
                0x080011b4                CAN1_RX1_IRQHandler
                0x080011b4                I2C1_EV_IRQHandler
                0x080011b4                DMA1_Channel6_IRQHandler
                0x080011b4                TIM3_IRQHandler
                0x080011b4                RCC_IRQHandler
                0x080011b4                TIM1_TRG_COM_IRQHandler
                0x080011b4                DMA1_Channel1_IRQHandler
                0x080011b4                Default_Handler
                0x080011b4                EXTI15_10_IRQHandler
                0x080011b4                EXTI9_5_IRQHandler
                0x080011b4                DMA1_Channel5_IRQHandler
                0x080011b4                EXTI4_IRQHandler
                0x080011b4                USB_LP_CAN1_RX0_IRQHandler
                0x080011b4                USB_HP_CAN1_TX_IRQHandler
                0x080011b4                DMA1_Channel3_IRQHandler
                0x080011b4                TIM1_UP_IRQHandler
                0x080011b4                WWDG_IRQHandler
                0x080011b4                TIM1_BRK_IRQHandler
                0x080011b4                EXTI1_IRQHandler
                0x080011b4                USART2_IRQHandler
                0x080011b4                DMA1_Channel2_IRQHandler
                0x080011b4                CAN1_SCE_IRQHandler
                0x080011b4                FLASH_IRQHandler
                0x080011b4                USART1_IRQHandler
                0x080011b4                I2C1_ER_IRQHandler
                0x080011b4                USBWakeUp_IRQHandler
 *fill*         0x080011b6        0x2 
 .text.HAL_Init
                0x080011b8       0x2c ./Drivers/STM32F1xx_HAL_Driver/Src/stm32f1xx_hal.o
                0x080011b8                HAL_Init
 .text.HAL_InitTick
                0x080011e4       0x60 ./Drivers/STM32F1xx_HAL_Driver/Src/stm32f1xx_hal.o
                0x080011e4                HAL_InitTick
 .text.HAL_IncTick
                0x08001244       0x24 ./Drivers/STM32F1xx_HAL_Driver/Src/stm32f1xx_hal.o
                0x08001244                HAL_IncTick
 .text.HAL_GetTick
                0x08001268       0x14 ./Drivers/STM32F1xx_HAL_Driver/Src/stm32f1xx_hal.o
                0x08001268                HAL_GetTick
 .text.__NVIC_SetPriorityGrouping
                0x0800127c       0x48 ./Drivers/STM32F1xx_HAL_Driver/Src/stm32f1xx_hal_cortex.o
 .text.__NVIC_GetPriorityGrouping
                0x080012c4       0x1c ./Drivers/STM32F1xx_HAL_Driver/Src/stm32f1xx_hal_cortex.o
 .text.__NVIC_EnableIRQ
                0x080012e0       0x38 ./Drivers/STM32F1xx_HAL_Driver/Src/stm32f1xx_hal_cortex.o
 .text.__NVIC_SetPriority
                0x08001318       0x54 ./Drivers/STM32F1xx_HAL_Driver/Src/stm32f1xx_hal_cortex.o
 .text.NVIC_EncodePriority
                0x0800136c       0x64 ./Drivers/STM32F1xx_HAL_Driver/Src/stm32f1xx_hal_cortex.o
 .text.SysTick_Config
                0x080013d0       0x44 ./Drivers/STM32F1xx_HAL_Driver/Src/stm32f1xx_hal_cortex.o
 .text.HAL_NVIC_SetPriorityGrouping
                0x08001414       0x16 ./Drivers/STM32F1xx_HAL_Driver/Src/stm32f1xx_hal_cortex.o
                0x08001414                HAL_NVIC_SetPriorityGrouping
 .text.HAL_NVIC_SetPriority
                0x0800142a       0x38 ./Drivers/STM32F1xx_HAL_Driver/Src/stm32f1xx_hal_cortex.o
                0x0800142a                HAL_NVIC_SetPriority
 .text.HAL_NVIC_EnableIRQ
                0x08001462       0x1c ./Drivers/STM32F1xx_HAL_Driver/Src/stm32f1xx_hal_cortex.o
                0x08001462                HAL_NVIC_EnableIRQ
 .text.HAL_SYSTICK_Config
                0x0800147e       0x18 ./Drivers/STM32F1xx_HAL_Driver/Src/stm32f1xx_hal_cortex.o
                0x0800147e                HAL_SYSTICK_Config
 *fill*         0x08001496        0x2 
 .text.HAL_GPIO_Init
                0x08001498      0x2f8 ./Drivers/STM32F1xx_HAL_Driver/Src/stm32f1xx_hal_gpio.o
                0x08001498                HAL_GPIO_Init
 .text.HAL_GPIO_ReadPin
                0x08001790       0x2e ./Drivers/STM32F1xx_HAL_Driver/Src/stm32f1xx_hal_gpio.o
                0x08001790                HAL_GPIO_ReadPin
 .text.HAL_GPIO_WritePin
                0x080017be       0x30 ./Drivers/STM32F1xx_HAL_Driver/Src/stm32f1xx_hal_gpio.o
                0x080017be                HAL_GPIO_WritePin
 .text.HAL_GPIO_TogglePin
                0x080017ee       0x32 ./Drivers/STM32F1xx_HAL_Driver/Src/stm32f1xx_hal_gpio.o
                0x080017ee                HAL_GPIO_TogglePin
 .text.HAL_RCC_OscConfig
                0x08001820      0x504 ./Drivers/STM32F1xx_HAL_Driver/Src/stm32f1xx_hal_rcc.o
                0x08001820                HAL_RCC_OscConfig
 .text.HAL_RCC_ClockConfig
                0x08001d24      0x1d4 ./Drivers/STM32F1xx_HAL_Driver/Src/stm32f1xx_hal_rcc.o
                0x08001d24                HAL_RCC_ClockConfig
 .text.HAL_RCC_GetSysClockFreq
                0x08001ef8       0xa8 ./Drivers/STM32F1xx_HAL_Driver/Src/stm32f1xx_hal_rcc.o
                0x08001ef8                HAL_RCC_GetSysClockFreq
 .text.RCC_Delay
                0x08001fa0       0x3c ./Drivers/STM32F1xx_HAL_Driver/Src/stm32f1xx_hal_rcc.o
 .text.HAL_TIM_Base_Init
                0x08001fdc       0x9e ./Drivers/STM32F1xx_HAL_Driver/Src/stm32f1xx_hal_tim.o
                0x08001fdc                HAL_TIM_Base_Init
 *fill*         0x0800207a        0x2 
 .text.HAL_TIM_Base_Start_IT
                0x0800207c       0x98 ./Drivers/STM32F1xx_HAL_Driver/Src/stm32f1xx_hal_tim.o
                0x0800207c                HAL_TIM_Base_Start_IT
 .text.HAL_TIM_IRQHandler
                0x08002114      0x1e0 ./Drivers/STM32F1xx_HAL_Driver/Src/stm32f1xx_hal_tim.o
                0x08002114                HAL_TIM_IRQHandler
 .text.HAL_TIM_ConfigClockSource
                0x080022f4      0x18e ./Drivers/STM32F1xx_HAL_Driver/Src/stm32f1xx_hal_tim.o
                0x080022f4                HAL_TIM_ConfigClockSource
 .text.HAL_TIM_OC_DelayElapsedCallback
                0x08002482       0x12 ./Drivers/STM32F1xx_HAL_Driver/Src/stm32f1xx_hal_tim.o
                0x08002482                HAL_TIM_OC_DelayElapsedCallback
 .text.HAL_TIM_IC_CaptureCallback
                0x08002494       0x12 ./Drivers/STM32F1xx_HAL_Driver/Src/stm32f1xx_hal_tim.o
                0x08002494                HAL_TIM_IC_CaptureCallback
 .text.HAL_TIM_PWM_PulseFinishedCallback
                0x080024a6       0x12 ./Drivers/STM32F1xx_HAL_Driver/Src/stm32f1xx_hal_tim.o
                0x080024a6                HAL_TIM_PWM_PulseFinishedCallback
 .text.HAL_TIM_TriggerCallback
                0x080024b8       0x12 ./Drivers/STM32F1xx_HAL_Driver/Src/stm32f1xx_hal_tim.o
                0x080024b8                HAL_TIM_TriggerCallback
 *fill*         0x080024ca        0x2 
 .text.TIM_Base_SetConfig
                0x080024cc       0xc8 ./Drivers/STM32F1xx_HAL_Driver/Src/stm32f1xx_hal_tim.o
                0x080024cc                TIM_Base_SetConfig
 .text.TIM_TI1_ConfigInputStage
                0x08002594       0x5c ./Drivers/STM32F1xx_HAL_Driver/Src/stm32f1xx_hal_tim.o
 .text.TIM_TI2_ConfigInputStage
                0x080025f0       0x5e ./Drivers/STM32F1xx_HAL_Driver/Src/stm32f1xx_hal_tim.o
 .text.TIM_ITRx_SetConfig
                0x0800264e       0x34 ./Drivers/STM32F1xx_HAL_Driver/Src/stm32f1xx_hal_tim.o
 .text.TIM_ETR_SetConfig
                0x08002682       0x3e ./Drivers/STM32F1xx_HAL_Driver/Src/stm32f1xx_hal_tim.o
                0x08002682                TIM_ETR_SetConfig
 .text.HAL_TIMEx_MasterConfigSynchronization
                0x080026c0       0xb0 ./Drivers/STM32F1xx_HAL_Driver/Src/stm32f1xx_hal_tim_ex.o
                0x080026c0                HAL_TIMEx_MasterConfigSynchronization
 .text.HAL_TIMEx_CommutCallback
                0x08002770       0x12 ./Drivers/STM32F1xx_HAL_Driver/Src/stm32f1xx_hal_tim_ex.o
                0x08002770                HAL_TIMEx_CommutCallback
 .text.HAL_TIMEx_BreakCallback
                0x08002782       0x12 ./Drivers/STM32F1xx_HAL_Driver/Src/stm32f1xx_hal_tim_ex.o
                0x08002782                HAL_TIMEx_BreakCallback
 .text.memset   0x08002794       0x10 D:/ST/STM32CubeIDE_1.19.0/STM32CubeIDE/plugins/com.st.stm32cube.ide.mcu.externaltools.gnu-tools-for-stm32.13.3.rel1.win32_1.0.0.202411081344/tools/bin/../lib/gcc/arm-none-eabi/13.3.1/../../../../arm-none-eabi/lib/thumb/v7-m/nofp\libc_nano.a(libc_a-memset.o)
                0x08002794                memset
 .text.__libc_init_array
                0x080027a4       0x48 D:/ST/STM32CubeIDE_1.19.0/STM32CubeIDE/plugins/com.st.stm32cube.ide.mcu.externaltools.gnu-tools-for-stm32.13.3.rel1.win32_1.0.0.202411081344/tools/bin/../lib/gcc/arm-none-eabi/13.3.1/../../../../arm-none-eabi/lib/thumb/v7-m/nofp\libc_nano.a(libc_a-init.o)
                0x080027a4                __libc_init_array
 *(.glue_7)
 .glue_7        0x080027ec        0x0 linker stubs
 *(.glue_7t)
 .glue_7t       0x080027ec        0x0 linker stubs
 *(.eh_frame)
 .eh_frame      0x080027ec        0x0 D:/ST/STM32CubeIDE_1.19.0/STM32CubeIDE/plugins/com.st.stm32cube.ide.mcu.externaltools.gnu-tools-for-stm32.13.3.rel1.win32_1.0.0.202411081344/tools/bin/../lib/gcc/arm-none-eabi/13.3.1/thumb/v7-m/nofp/crtbegin.o
 *(.init)
 .init          0x080027ec        0x4 D:/ST/STM32CubeIDE_1.19.0/STM32CubeIDE/plugins/com.st.stm32cube.ide.mcu.externaltools.gnu-tools-for-stm32.13.3.rel1.win32_1.0.0.202411081344/tools/bin/../lib/gcc/arm-none-eabi/13.3.1/thumb/v7-m/nofp/crti.o
                0x080027ec                _init
 .init          0x080027f0        0x8 D:/ST/STM32CubeIDE_1.19.0/STM32CubeIDE/plugins/com.st.stm32cube.ide.mcu.externaltools.gnu-tools-for-stm32.13.3.rel1.win32_1.0.0.202411081344/tools/bin/../lib/gcc/arm-none-eabi/13.3.1/thumb/v7-m/nofp/crtn.o
 *(.fini)
 .fini          0x080027f8        0x4 D:/ST/STM32CubeIDE_1.19.0/STM32CubeIDE/plugins/com.st.stm32cube.ide.mcu.externaltools.gnu-tools-for-stm32.13.3.rel1.win32_1.0.0.202411081344/tools/bin/../lib/gcc/arm-none-eabi/13.3.1/thumb/v7-m/nofp/crti.o
                0x080027f8                _fini
 .fini          0x080027fc        0x8 D:/ST/STM32CubeIDE_1.19.0/STM32CubeIDE/plugins/com.st.stm32cube.ide.mcu.externaltools.gnu-tools-for-stm32.13.3.rel1.win32_1.0.0.202411081344/tools/bin/../lib/gcc/arm-none-eabi/13.3.1/thumb/v7-m/nofp/crtn.o
                0x08002804                        . = ALIGN (0x4)
                0x08002804                        _etext = .

.vfp11_veneer   0x08002804        0x0
 .vfp11_veneer  0x08002804        0x0 linker stubs

.v4_bx          0x08002804        0x0
 .v4_bx         0x08002804        0x0 linker stubs

.iplt           0x08002804        0x0
 .iplt          0x08002804        0x0 D:/ST/STM32CubeIDE_1.19.0/STM32CubeIDE/plugins/com.st.stm32cube.ide.mcu.externaltools.gnu-tools-for-stm32.13.3.rel1.win32_1.0.0.202411081344/tools/bin/../lib/gcc/arm-none-eabi/13.3.1/thumb/v7-m/nofp/crtbegin.o

.rodata         0x08002804       0x24
                0x08002804                        . = ALIGN (0x4)
 *(.rodata)
 *(.rodata*)
 .rodata.AHBPrescTable
                0x08002804       0x10 ./Core/Src/system_stm32f1xx.o
                0x08002804                AHBPrescTable
 .rodata.aPLLMULFactorTable.1
                0x08002814       0x10 ./Drivers/STM32F1xx_HAL_Driver/Src/stm32f1xx_hal_rcc.o
 .rodata.aPredivFactorTable.0
                0x08002824        0x2 ./Drivers/STM32F1xx_HAL_Driver/Src/stm32f1xx_hal_rcc.o
                0x08002828                        . = ALIGN (0x4)
 *fill*         0x08002826        0x2 

.ARM.extab      0x08002828        0x0
                0x08002828                        . = ALIGN (0x4)
 *(.ARM.extab* .gnu.linkonce.armextab.*)
                0x08002828                        . = ALIGN (0x4)

.ARM            0x08002828        0x0
                0x08002828                        . = ALIGN (0x4)
                0x08002828                        __exidx_start = .
 *(.ARM.exidx*)
                0x08002828                        __exidx_end = .
                0x08002828                        . = ALIGN (0x4)

.preinit_array  0x08002828        0x0
                0x08002828                        . = ALIGN (0x4)
                0x08002828                        PROVIDE (__preinit_array_start = .)
 *(.preinit_array*)
                0x08002828                        PROVIDE (__preinit_array_end = .)
                0x08002828                        . = ALIGN (0x4)

.init_array     0x08002828        0x4
                0x08002828                        . = ALIGN (0x4)
                0x08002828                        PROVIDE (__init_array_start = .)
 *(SORT_BY_NAME(.init_array.*))
 *(.init_array*)
 .init_array    0x08002828        0x4 D:/ST/STM32CubeIDE_1.19.0/STM32CubeIDE/plugins/com.st.stm32cube.ide.mcu.externaltools.gnu-tools-for-stm32.13.3.rel1.win32_1.0.0.202411081344/tools/bin/../lib/gcc/arm-none-eabi/13.3.1/thumb/v7-m/nofp/crtbegin.o
                0x0800282c                        PROVIDE (__init_array_end = .)
                0x0800282c                        . = ALIGN (0x4)

.fini_array     0x0800282c        0x4
                0x0800282c                        . = ALIGN (0x4)
                [!provide]                        PROVIDE (__fini_array_start = .)
 *(SORT_BY_NAME(.fini_array.*))
 *(.fini_array*)
 .fini_array    0x0800282c        0x4 D:/ST/STM32CubeIDE_1.19.0/STM32CubeIDE/plugins/com.st.stm32cube.ide.mcu.externaltools.gnu-tools-for-stm32.13.3.rel1.win32_1.0.0.202411081344/tools/bin/../lib/gcc/arm-none-eabi/13.3.1/thumb/v7-m/nofp/crtbegin.o
                [!provide]                        PROVIDE (__fini_array_end = .)
                0x08002830                        . = ALIGN (0x4)
                0x08002830                        _sidata = LOADADDR (.data)

.rel.dyn        0x08002830        0x0
 .rel.iplt      0x08002830        0x0 D:/ST/STM32CubeIDE_1.19.0/STM32CubeIDE/plugins/com.st.stm32cube.ide.mcu.externaltools.gnu-tools-for-stm32.13.3.rel1.win32_1.0.0.202411081344/tools/bin/../lib/gcc/arm-none-eabi/13.3.1/thumb/v7-m/nofp/crtbegin.o

.data           0x20000000       0x30 load address 0x08002830
                0x20000000                        . = ALIGN (0x4)
                0x20000000                        _sdata = .
 *(.data)
 *(.data*)
 .data.mode     0x20000000        0x4 ./Core/Src/input_processing.o
                0x20000000                mode
 .data.duration
                0x20000004        0x4 ./Core/Src/input_processing.o
                0x20000004                duration
 .data.status1  0x20000008        0x4 ./Core/Src/led_display.o
                0x20000008                status1
 .data.status2  0x2000000c        0x4 ./Core/Src/led_display.o
                0x2000000c                status2
 .data.red_time
                0x20000010        0x4 ./Core/Src/led_display.o
                0x20000010                red_time
 .data.yellow_time
                0x20000014        0x4 ./Core/Src/led_display.o
                0x20000014                yellow_time
 .data.green_time
                0x20000018        0x4 ./Core/Src/led_display.o
                0x20000018                green_time
 .data.SystemCoreClock
                0x2000001c        0x4 ./Core/Src/system_stm32f1xx.o
                0x2000001c                SystemCoreClock
 .data.counter  0x20000020        0x4 ./Core/Src/timer.o
                0x20000020                counter
 .data.counter_led
                0x20000024        0x4 ./Core/Src/timer.o
                0x20000024                counter_led
 .data.uwTickPrio
                0x20000028        0x4 ./Drivers/STM32F1xx_HAL_Driver/Src/stm32f1xx_hal.o
                0x20000028                uwTickPrio
 .data.uwTickFreq
                0x2000002c        0x1 ./Drivers/STM32F1xx_HAL_Driver/Src/stm32f1xx_hal.o
                0x2000002c                uwTickFreq
 *(.RamFunc)
 *(.RamFunc*)
                0x20000030                        . = ALIGN (0x4)
 *fill*         0x2000002d        0x3 
                0x20000030                        _edata = .

.igot.plt       0x20000030        0x0 load address 0x08002860
 .igot.plt      0x20000030        0x0 D:/ST/STM32CubeIDE_1.19.0/STM32CubeIDE/plugins/com.st.stm32cube.ide.mcu.externaltools.gnu-tools-for-stm32.13.3.rel1.win32_1.0.0.202411081344/tools/bin/../lib/gcc/arm-none-eabi/13.3.1/thumb/v7-m/nofp/crtbegin.o
                0x20000030                        . = ALIGN (0x4)

.bss            0x20000030       0xa4 load address 0x08002860
                0x20000030                        _sbss = .
                0x20000030                        __bss_start__ = _sbss
 *(.bss)
 .bss           0x20000030       0x1c D:/ST/STM32CubeIDE_1.19.0/STM32CubeIDE/plugins/com.st.stm32cube.ide.mcu.externaltools.gnu-tools-for-stm32.13.3.rel1.win32_1.0.0.202411081344/tools/bin/../lib/gcc/arm-none-eabi/13.3.1/thumb/v7-m/nofp/crtbegin.o
 *(.bss*)
 .bss.buttonState
                0x2000004c        0x3 ./Core/Src/input_processing.o
                0x2000004c                buttonState
 *fill*         0x2000004f        0x1 
 .bss.counter1  0x20000050        0x4 ./Core/Src/input_processing.o
                0x20000050                counter1
 .bss.counter2  0x20000054        0x4 ./Core/Src/input_processing.o
                0x20000054                counter2
 .bss.counter3  0x20000058        0x4 ./Core/Src/input_processing.o
                0x20000058                counter3
 .bss.button1Flag
                0x2000005c        0x1 ./Core/Src/input_processing.o
                0x2000005c                button1Flag
 *fill*         0x2000005d        0x3 
 .bss.buttonBuffer
                0x20000060        0x3 ./Core/Src/input_reading.o
 *fill*         0x20000063        0x1 
 .bss.debounceButtonBuffer1
                0x20000064        0x3 ./Core/Src/input_reading.o
 *fill*         0x20000067        0x1 
 .bss.debounceButtonBuffer2
                0x20000068        0x3 ./Core/Src/input_reading.o
 *fill*         0x2000006b        0x1 
 .bss.flagForButtonPress1s
                0x2000006c        0x3 ./Core/Src/input_reading.o
 *fill*         0x2000006f        0x1 
 .bss.counterForButtonPress1s
                0x20000070        0x6 ./Core/Src/input_reading.o
 *fill*         0x20000076        0x2 
 .bss.time1     0x20000078        0x4 ./Core/Src/led_display.o
                0x20000078                time1
 .bss.time2     0x2000007c        0x4 ./Core/Src/led_display.o
                0x2000007c                time2
 .bss.htim2     0x20000080       0x48 ./Core/Src/main.o
                0x20000080                htim2
 .bss.a         0x200000c8        0x4 ./Core/Src/timer.o
                0x200000c8                a
 .bss.b         0x200000cc        0x4 ./Core/Src/timer.o
                0x200000cc                b
 .bss.uwTick    0x200000d0        0x4 ./Drivers/STM32F1xx_HAL_Driver/Src/stm32f1xx_hal.o
                0x200000d0                uwTick
 *(COMMON)
                0x200000d4                        . = ALIGN (0x4)
                0x200000d4                        _ebss = .
                0x200000d4                        __bss_end__ = _ebss

._user_heap_stack
                0x200000d4      0x604 load address 0x08002860
                0x200000d8                        . = ALIGN (0x8)
 *fill*         0x200000d4        0x4 
                [!provide]                        PROVIDE (end = .)
                0x200000d8                        PROVIDE (_end = .)
                0x200002d8                        . = (. + _Min_Heap_Size)
 *fill*         0x200000d8      0x200 
                0x200006d8                        . = (. + _Min_Stack_Size)
 *fill*         0x200002d8      0x400 
                0x200006d8                        . = ALIGN (0x8)

/DISCARD/
 libc.a(*)
 libm.a(*)
 libgcc.a(*)

.ARM.attributes
                0x00000000       0x29
 *(.ARM.attributes)
 .ARM.attributes
                0x00000000       0x1d D:/ST/STM32CubeIDE_1.19.0/STM32CubeIDE/plugins/com.st.stm32cube.ide.mcu.externaltools.gnu-tools-for-stm32.13.3.rel1.win32_1.0.0.202411081344/tools/bin/../lib/gcc/arm-none-eabi/13.3.1/thumb/v7-m/nofp/crti.o
 .ARM.attributes
                0x0000001d       0x2d D:/ST/STM32CubeIDE_1.19.0/STM32CubeIDE/plugins/com.st.stm32cube.ide.mcu.externaltools.gnu-tools-for-stm32.13.3.rel1.win32_1.0.0.202411081344/tools/bin/../lib/gcc/arm-none-eabi/13.3.1/thumb/v7-m/nofp/crtbegin.o
 .ARM.attributes
                0x0000004a       0x2d ./Core/Src/input_processing.o
 .ARM.attributes
                0x00000077       0x2d ./Core/Src/input_reading.o
 .ARM.attributes
                0x000000a4       0x2d ./Core/Src/led_display.o
 .ARM.attributes
                0x000000d1       0x2d ./Core/Src/main.o
 .ARM.attributes
                0x000000fe       0x2d ./Core/Src/stm32f1xx_hal_msp.o
 .ARM.attributes
                0x0000012b       0x2d ./Core/Src/stm32f1xx_it.o
 .ARM.attributes
                0x00000158       0x2d ./Core/Src/system_stm32f1xx.o
 .ARM.attributes
                0x00000185       0x2d ./Core/Src/timer.o
 .ARM.attributes
                0x000001b2       0x21 ./Core/Startup/startup_stm32f103c6tx.o
 .ARM.attributes
                0x000001d3       0x2d ./Drivers/STM32F1xx_HAL_Driver/Src/stm32f1xx_hal.o
 .ARM.attributes
                0x00000200       0x2d ./Drivers/STM32F1xx_HAL_Driver/Src/stm32f1xx_hal_cortex.o
 .ARM.attributes
                0x0000022d       0x2d ./Drivers/STM32F1xx_HAL_Driver/Src/stm32f1xx_hal_gpio.o
 .ARM.attributes
                0x0000025a       0x2d ./Drivers/STM32F1xx_HAL_Driver/Src/stm32f1xx_hal_rcc.o
 .ARM.attributes
                0x00000287       0x2d ./Drivers/STM32F1xx_HAL_Driver/Src/stm32f1xx_hal_tim.o
 .ARM.attributes
                0x000002b4       0x2d ./Drivers/STM32F1xx_HAL_Driver/Src/stm32f1xx_hal_tim_ex.o
 .ARM.attributes
                0x000002e1       0x2d D:/ST/STM32CubeIDE_1.19.0/STM32CubeIDE/plugins/com.st.stm32cube.ide.mcu.externaltools.gnu-tools-for-stm32.13.3.rel1.win32_1.0.0.202411081344/tools/bin/../lib/gcc/arm-none-eabi/13.3.1/../../../../arm-none-eabi/lib/thumb/v7-m/nofp\libc_nano.a(libc_a-memset.o)
 .ARM.attributes
                0x0000030e       0x2d D:/ST/STM32CubeIDE_1.19.0/STM32CubeIDE/plugins/com.st.stm32cube.ide.mcu.externaltools.gnu-tools-for-stm32.13.3.rel1.win32_1.0.0.202411081344/tools/bin/../lib/gcc/arm-none-eabi/13.3.1/../../../../arm-none-eabi/lib/thumb/v7-m/nofp\libc_nano.a(libc_a-init.o)
 .ARM.attributes
                0x0000033b       0x1d D:/ST/STM32CubeIDE_1.19.0/STM32CubeIDE/plugins/com.st.stm32cube.ide.mcu.externaltools.gnu-tools-for-stm32.13.3.rel1.win32_1.0.0.202411081344/tools/bin/../lib/gcc/arm-none-eabi/13.3.1/thumb/v7-m/nofp/crtn.o
OUTPUT(LAB_3_Exercise.elf elf32-littlearm)
LOAD linker stubs
LOAD D:/ST/STM32CubeIDE_1.19.0/STM32CubeIDE/plugins/com.st.stm32cube.ide.mcu.externaltools.gnu-tools-for-stm32.13.3.rel1.win32_1.0.0.202411081344/tools/bin/../lib/gcc/arm-none-eabi/13.3.1/../../../../arm-none-eabi/lib/thumb/v7-m/nofp\libc.a
LOAD D:/ST/STM32CubeIDE_1.19.0/STM32CubeIDE/plugins/com.st.stm32cube.ide.mcu.externaltools.gnu-tools-for-stm32.13.3.rel1.win32_1.0.0.202411081344/tools/bin/../lib/gcc/arm-none-eabi/13.3.1/../../../../arm-none-eabi/lib/thumb/v7-m/nofp\libm.a
LOAD D:/ST/STM32CubeIDE_1.19.0/STM32CubeIDE/plugins/com.st.stm32cube.ide.mcu.externaltools.gnu-tools-for-stm32.13.3.rel1.win32_1.0.0.202411081344/tools/bin/../lib/gcc/arm-none-eabi/13.3.1/thumb/v7-m/nofp\libgcc.a

.debug_info     0x00000000     0x88be
 .debug_info    0x00000000      0x1dc ./Core/Src/input_processing.o
 .debug_info    0x000001dc      0x2a4 ./Core/Src/input_reading.o
 .debug_info    0x00000480      0x27e ./Core/Src/led_display.o
 .debug_info    0x000006fe      0xb4e ./Core/Src/main.o
 .debug_info    0x0000124c      0x91a ./Core/Src/stm32f1xx_hal_msp.o
 .debug_info    0x00001b66      0x6a1 ./Core/Src/stm32f1xx_it.o
 .debug_info    0x00002207      0x222 ./Core/Src/system_stm32f1xx.o
 .debug_info    0x00002429      0x7a2 ./Core/Src/timer.o
 .debug_info    0x00002bcb       0x30 ./Core/Startup/startup_stm32f103c6tx.o
 .debug_info    0x00002bfb      0x6e6 ./Drivers/STM32F1xx_HAL_Driver/Src/stm32f1xx_hal.o
 .debug_info    0x000032e1      0xa69 ./Drivers/STM32F1xx_HAL_Driver/Src/stm32f1xx_hal_cortex.o
 .debug_info    0x00003d4a      0x5ab ./Drivers/STM32F1xx_HAL_Driver/Src/stm32f1xx_hal_gpio.o
 .debug_info    0x000042f5      0x7d5 ./Drivers/STM32F1xx_HAL_Driver/Src/stm32f1xx_hal_rcc.o
 .debug_info    0x00004aca     0x2959 ./Drivers/STM32F1xx_HAL_Driver/Src/stm32f1xx_hal_tim.o
 .debug_info    0x00007423     0x149b ./Drivers/STM32F1xx_HAL_Driver/Src/stm32f1xx_hal_tim_ex.o

.debug_abbrev   0x00000000     0x1b78
 .debug_abbrev  0x00000000      0x117 ./Core/Src/input_processing.o
 .debug_abbrev  0x00000117      0x16f ./Core/Src/input_reading.o
 .debug_abbrev  0x00000286      0x177 ./Core/Src/led_display.o
 .debug_abbrev  0x000003fd      0x293 ./Core/Src/main.o
 .debug_abbrev  0x00000690      0x1ad ./Core/Src/stm32f1xx_hal_msp.o
 .debug_abbrev  0x0000083d      0x191 ./Core/Src/stm32f1xx_it.o
 .debug_abbrev  0x000009ce      0x13f ./Core/Src/system_stm32f1xx.o
 .debug_abbrev  0x00000b0d      0x1d8 ./Core/Src/timer.o
 .debug_abbrev  0x00000ce5       0x24 ./Core/Startup/startup_stm32f103c6tx.o
 .debug_abbrev  0x00000d09      0x201 ./Drivers/STM32F1xx_HAL_Driver/Src/stm32f1xx_hal.o
 .debug_abbrev  0x00000f0a      0x2f8 ./Drivers/STM32F1xx_HAL_Driver/Src/stm32f1xx_hal_cortex.o
 .debug_abbrev  0x00001202      0x1ca ./Drivers/STM32F1xx_HAL_Driver/Src/stm32f1xx_hal_gpio.o
 .debug_abbrev  0x000013cc      0x2b3 ./Drivers/STM32F1xx_HAL_Driver/Src/stm32f1xx_hal_rcc.o
 .debug_abbrev  0x0000167f      0x277 ./Drivers/STM32F1xx_HAL_Driver/Src/stm32f1xx_hal_tim.o
 .debug_abbrev  0x000018f6      0x282 ./Drivers/STM32F1xx_HAL_Driver/Src/stm32f1xx_hal_tim_ex.o

.debug_aranges  0x00000000      0x9e0
 .debug_aranges
                0x00000000       0x20 ./Core/Src/input_processing.o
 .debug_aranges
                0x00000020       0x38 ./Core/Src/input_reading.o
 .debug_aranges
                0x00000058       0x40 ./Core/Src/led_display.o
 .debug_aranges
                0x00000098       0x40 ./Core/Src/main.o
 .debug_aranges
                0x000000d8       0x30 ./Core/Src/stm32f1xx_hal_msp.o
 .debug_aranges
                0x00000108       0x68 ./Core/Src/stm32f1xx_it.o
 .debug_aranges
                0x00000170       0x28 ./Core/Src/system_stm32f1xx.o
 .debug_aranges
                0x00000198       0x20 ./Core/Src/timer.o
 .debug_aranges
                0x000001b8       0x28 ./Core/Startup/startup_stm32f103c6tx.o
 .debug_aranges
                0x000001e0       0xe0 ./Drivers/STM32F1xx_HAL_Driver/Src/stm32f1xx_hal.o
 .debug_aranges
                0x000002c0      0x100 ./Drivers/STM32F1xx_HAL_Driver/Src/stm32f1xx_hal_cortex.o
 .debug_aranges
                0x000003c0       0x58 ./Drivers/STM32F1xx_HAL_Driver/Src/stm32f1xx_hal_gpio.o
 .debug_aranges
                0x00000418       0x90 ./Drivers/STM32F1xx_HAL_Driver/Src/stm32f1xx_hal_rcc.o
 .debug_aranges
                0x000004a8      0x3d0 ./Drivers/STM32F1xx_HAL_Driver/Src/stm32f1xx_hal_tim.o
 .debug_aranges
                0x00000878      0x168 ./Drivers/STM32F1xx_HAL_Driver/Src/stm32f1xx_hal_tim_ex.o

.debug_rnglists
                0x00000000      0x78d
 .debug_rnglists
                0x00000000       0x14 ./Core/Src/input_processing.o
 .debug_rnglists
                0x00000014       0x26 ./Core/Src/input_reading.o
 .debug_rnglists
                0x0000003a       0x2f ./Core/Src/led_display.o
 .debug_rnglists
                0x00000069       0x2d ./Core/Src/main.o
 .debug_rnglists
                0x00000096       0x1f ./Core/Src/stm32f1xx_hal_msp.o
 .debug_rnglists
                0x000000b5       0x49 ./Core/Src/stm32f1xx_it.o
 .debug_rnglists
                0x000000fe       0x1a ./Core/Src/system_stm32f1xx.o
 .debug_rnglists
                0x00000118       0x14 ./Core/Src/timer.o
 .debug_rnglists
                0x0000012c       0x19 ./Core/Startup/startup_stm32f103c6tx.o
 .debug_rnglists
                0x00000145       0xa3 ./Drivers/STM32F1xx_HAL_Driver/Src/stm32f1xx_hal.o
 .debug_rnglists
                0x000001e8       0xbb ./Drivers/STM32F1xx_HAL_Driver/Src/stm32f1xx_hal_cortex.o
 .debug_rnglists
                0x000002a3       0x3f ./Drivers/STM32F1xx_HAL_Driver/Src/stm32f1xx_hal_gpio.o
 .debug_rnglists
                0x000002e2       0x6c ./Drivers/STM32F1xx_HAL_Driver/Src/stm32f1xx_hal_rcc.o
 .debug_rnglists
                0x0000034e      0x31a ./Drivers/STM32F1xx_HAL_Driver/Src/stm32f1xx_hal_tim.o
 .debug_rnglists
                0x00000668      0x125 ./Drivers/STM32F1xx_HAL_Driver/Src/stm32f1xx_hal_tim_ex.o

.debug_macro    0x00000000    0x169c4
 .debug_macro   0x00000000      0x1cf ./Core/Src/input_processing.o
 .debug_macro   0x000001cf      0xacc ./Core/Src/input_processing.o
 .debug_macro   0x00000c9b      0x215 ./Core/Src/input_processing.o
 .debug_macro   0x00000eb0       0x2e ./Core/Src/input_processing.o
 .debug_macro   0x00000ede       0x22 ./Core/Src/input_processing.o
 .debug_macro   0x00000f00       0x22 ./Core/Src/input_processing.o
 .debug_macro   0x00000f22       0x8e ./Core/Src/input_processing.o
 .debug_macro   0x00000fb0       0x51 ./Core/Src/input_processing.o
 .debug_macro   0x00001001      0x103 ./Core/Src/input_processing.o
 .debug_macro   0x00001104       0x6a ./Core/Src/input_processing.o
 .debug_macro   0x0000116e      0x1df ./Core/Src/input_processing.o
 .debug_macro   0x0000134d       0x1c ./Core/Src/input_processing.o
 .debug_macro   0x00001369       0x22 ./Core/Src/input_processing.o
 .debug_macro   0x0000138b       0xbd ./Core/Src/input_processing.o
 .debug_macro   0x00001448      0xd23 ./Core/Src/input_processing.o
 .debug_macro   0x0000216b     0xde75 ./Core/Src/input_processing.o
 .debug_macro   0x0000ffe0       0x6d ./Core/Src/input_processing.o
 .debug_macro   0x0001004d     0x34a2 ./Core/Src/input_processing.o
 .debug_macro   0x000134ef      0x190 ./Core/Src/input_processing.o
 .debug_macro   0x0001367f       0x5c ./Core/Src/input_processing.o
 .debug_macro   0x000136db      0x5bc ./Core/Src/input_processing.o
 .debug_macro   0x00013c97      0x1b7 ./Core/Src/input_processing.o
 .debug_macro   0x00013e4e      0x1cb ./Core/Src/input_processing.o
 .debug_macro   0x00014019      0x114 ./Core/Src/input_processing.o
 .debug_macro   0x0001412d      0x1b2 ./Core/Src/input_processing.o
 .debug_macro   0x000142df       0x27 ./Core/Src/input_processing.o
 .debug_macro   0x00014306      0x12f ./Core/Src/input_processing.o
 .debug_macro   0x00014435      0x1bc ./Core/Src/input_processing.o
 .debug_macro   0x000145f1       0x34 ./Core/Src/input_processing.o
 .debug_macro   0x00014625       0x3c ./Core/Src/input_processing.o
 .debug_macro   0x00014661       0x57 ./Core/Src/input_processing.o
 .debug_macro   0x000146b8       0x87 ./Core/Src/input_processing.o
 .debug_macro   0x0001473f      0x183 ./Core/Src/input_processing.o
 .debug_macro   0x000148c2      0x140 ./Core/Src/input_processing.o
 .debug_macro   0x00014a02      0x8ed ./Core/Src/input_processing.o
 .debug_macro   0x000152ef       0x69 ./Core/Src/input_processing.o
 .debug_macro   0x00015358       0x22 ./Core/Src/input_processing.o
 .debug_macro   0x0001537a       0x1c ./Core/Src/input_processing.o
 .debug_macro   0x00015396      0x1aa ./Core/Src/input_reading.o
 .debug_macro   0x00015540      0x1cb ./Core/Src/led_display.o
 .debug_macro   0x0001570b      0x1d3 ./Core/Src/main.o
 .debug_macro   0x000158de      0x1a1 ./Core/Src/stm32f1xx_hal_msp.o
 .debug_macro   0x00015a7f      0x1ab ./Core/Src/stm32f1xx_it.o
 .debug_macro   0x00015c2a      0x197 ./Core/Src/system_stm32f1xx.o
 .debug_macro   0x00015dc1      0x1d7 ./Core/Src/timer.o
 .debug_macro   0x00015f98      0x1bb ./Drivers/STM32F1xx_HAL_Driver/Src/stm32f1xx_hal.o
 .debug_macro   0x00016153      0x197 ./Drivers/STM32F1xx_HAL_Driver/Src/stm32f1xx_hal_cortex.o
 .debug_macro   0x000162ea      0x202 ./Drivers/STM32F1xx_HAL_Driver/Src/stm32f1xx_hal_gpio.o
 .debug_macro   0x000164ec      0x1a9 ./Drivers/STM32F1xx_HAL_Driver/Src/stm32f1xx_hal_rcc.o
 .debug_macro   0x00016695      0x198 ./Drivers/STM32F1xx_HAL_Driver/Src/stm32f1xx_hal_tim.o
 .debug_macro   0x0001682d      0x197 ./Drivers/STM32F1xx_HAL_Driver/Src/stm32f1xx_hal_tim_ex.o

.debug_line     0x00000000     0xb915
 .debug_line    0x00000000      0x887 ./Core/Src/input_processing.o
 .debug_line    0x00000887      0x812 ./Core/Src/input_reading.o
 .debug_line    0x00001099      0x881 ./Core/Src/led_display.o
 .debug_line    0x0000191a      0x834 ./Core/Src/main.o
 .debug_line    0x0000214e      0x720 ./Core/Src/stm32f1xx_hal_msp.o
 .debug_line    0x0000286e      0x7ab ./Core/Src/stm32f1xx_it.o
 .debug_line    0x00003019      0x763 ./Core/Src/system_stm32f1xx.o
 .debug_line    0x0000377c      0x7a5 ./Core/Src/timer.o
 .debug_line    0x00003f21       0x78 ./Core/Startup/startup_stm32f103c6tx.o
 .debug_line    0x00003f99      0x994 ./Drivers/STM32F1xx_HAL_Driver/Src/stm32f1xx_hal.o
 .debug_line    0x0000492d      0xb5e ./Drivers/STM32F1xx_HAL_Driver/Src/stm32f1xx_hal_cortex.o
 .debug_line    0x0000548b      0x9dc ./Drivers/STM32F1xx_HAL_Driver/Src/stm32f1xx_hal_gpio.o
 .debug_line    0x00005e67      0xe4d ./Drivers/STM32F1xx_HAL_Driver/Src/stm32f1xx_hal_rcc.o
 .debug_line    0x00006cb4     0x3439 ./Drivers/STM32F1xx_HAL_Driver/Src/stm32f1xx_hal_tim.o
 .debug_line    0x0000a0ed     0x1828 ./Drivers/STM32F1xx_HAL_Driver/Src/stm32f1xx_hal_tim_ex.o

.debug_str      0x00000000    0x8216f
 .debug_str     0x00000000    0x8216f ./Core/Src/input_processing.o
                              0x7f8ee (size before relaxing)
 .debug_str     0x0008216f    0x7f8ac ./Core/Src/input_reading.o
 .debug_str     0x0008216f    0x7f8e0 ./Core/Src/led_display.o
 .debug_str     0x0008216f    0x80070 ./Core/Src/main.o
 .debug_str     0x0008216f    0x7ff4d ./Core/Src/stm32f1xx_hal_msp.o
 .debug_str     0x0008216f    0x7fc88 ./Core/Src/stm32f1xx_it.o
 .debug_str     0x0008216f    0x7f7ad ./Core/Src/system_stm32f1xx.o
 .debug_str     0x0008216f    0x7fde6 ./Core/Src/timer.o
 .debug_str     0x0008216f       0x61 ./Core/Startup/startup_stm32f103c6tx.o
 .debug_str     0x0008216f    0x7fea6 ./Drivers/STM32F1xx_HAL_Driver/Src/stm32f1xx_hal.o
 .debug_str     0x0008216f    0x7fdf2 ./Drivers/STM32F1xx_HAL_Driver/Src/stm32f1xx_hal_cortex.o
 .debug_str     0x0008216f    0x7fb33 ./Drivers/STM32F1xx_HAL_Driver/Src/stm32f1xx_hal_gpio.o
 .debug_str     0x0008216f    0x7fbdc ./Drivers/STM32F1xx_HAL_Driver/Src/stm32f1xx_hal_rcc.o
 .debug_str     0x0008216f    0x80bde ./Drivers/STM32F1xx_HAL_Driver/Src/stm32f1xx_hal_tim.o
 .debug_str     0x0008216f    0x803ea ./Drivers/STM32F1xx_HAL_Driver/Src/stm32f1xx_hal_tim_ex.o

.comment        0x00000000       0x43
 .comment       0x00000000       0x43 ./Core/Src/input_processing.o
                                 0x44 (size before relaxing)
 .comment       0x00000043       0x44 ./Core/Src/input_reading.o
 .comment       0x00000043       0x44 ./Core/Src/led_display.o
 .comment       0x00000043       0x44 ./Core/Src/main.o
 .comment       0x00000043       0x44 ./Core/Src/stm32f1xx_hal_msp.o
 .comment       0x00000043       0x44 ./Core/Src/stm32f1xx_it.o
 .comment       0x00000043       0x44 ./Core/Src/system_stm32f1xx.o
 .comment       0x00000043       0x44 ./Core/Src/timer.o
 .comment       0x00000043       0x44 ./Drivers/STM32F1xx_HAL_Driver/Src/stm32f1xx_hal.o
 .comment       0x00000043       0x44 ./Drivers/STM32F1xx_HAL_Driver/Src/stm32f1xx_hal_cortex.o
 .comment       0x00000043       0x44 ./Drivers/STM32F1xx_HAL_Driver/Src/stm32f1xx_hal_gpio.o
 .comment       0x00000043       0x44 ./Drivers/STM32F1xx_HAL_Driver/Src/stm32f1xx_hal_rcc.o
 .comment       0x00000043       0x44 ./Drivers/STM32F1xx_HAL_Driver/Src/stm32f1xx_hal_tim.o
 .comment       0x00000043       0x44 ./Drivers/STM32F1xx_HAL_Driver/Src/stm32f1xx_hal_tim_ex.o

.debug_frame    0x00000000     0x2774
 .debug_frame   0x00000000       0x38 ./Core/Src/input_processing.o
 .debug_frame   0x00000038       0xb0 ./Core/Src/input_reading.o
 .debug_frame   0x000000e8       0xb8 ./Core/Src/led_display.o
 .debug_frame   0x000001a0       0xb0 ./Core/Src/main.o
 .debug_frame   0x00000250       0x80 ./Core/Src/stm32f1xx_hal_msp.o
 .debug_frame   0x000002d0      0x120 ./Core/Src/stm32f1xx_it.o
 .debug_frame   0x000003f0       0x58 ./Core/Src/system_stm32f1xx.o
 .debug_frame   0x00000448       0x34 ./Core/Src/timer.o
 .debug_frame   0x0000047c      0x334 ./Drivers/STM32F1xx_HAL_Driver/Src/stm32f1xx_hal.o
 .debug_frame   0x000007b0      0x428 ./Drivers/STM32F1xx_HAL_Driver/Src/stm32f1xx_hal_cortex.o
 .debug_frame   0x00000bd8      0x14c ./Drivers/STM32F1xx_HAL_Driver/Src/stm32f1xx_hal_gpio.o
 .debug_frame   0x00000d24      0x218 ./Drivers/STM32F1xx_HAL_Driver/Src/stm32f1xx_hal_rcc.o
 .debug_frame   0x00000f3c     0x11b4 ./Drivers/STM32F1xx_HAL_Driver/Src/stm32f1xx_hal_tim.o
 .debug_frame   0x000020f0      0x638 ./Drivers/STM32F1xx_HAL_Driver/Src/stm32f1xx_hal_tim_ex.o
 .debug_frame   0x00002728       0x20 D:/ST/STM32CubeIDE_1.19.0/STM32CubeIDE/plugins/com.st.stm32cube.ide.mcu.externaltools.gnu-tools-for-stm32.13.3.rel1.win32_1.0.0.202411081344/tools/bin/../lib/gcc/arm-none-eabi/13.3.1/../../../../arm-none-eabi/lib/thumb/v7-m/nofp\libc_nano.a(libc_a-memset.o)
 .debug_frame   0x00002748       0x2c D:/ST/STM32CubeIDE_1.19.0/STM32CubeIDE/plugins/com.st.stm32cube.ide.mcu.externaltools.gnu-tools-for-stm32.13.3.rel1.win32_1.0.0.202411081344/tools/bin/../lib/gcc/arm-none-eabi/13.3.1/../../../../arm-none-eabi/lib/thumb/v7-m/nofp\libc_nano.a(libc_a-init.o)

.debug_line_str
                0x00000000       0x45
 .debug_line_str
                0x00000000       0x45 ./Core/Startup/startup_stm32f103c6tx.o
